--------------------------------------------------------------------------------------
Timing Analyzer Summary
--------------------------------------------------------------------------------------

Type           : Worst-case tsu
Slack          : N/A
Required Time  : None
Actual Time    : 5.789 ns
From           : input[0]
To             : not_o$latch
From Clock     : --
To Clock       : enable
Failed Paths   : 0

Type           : Worst-case tco
Slack          : N/A
Required Time  : None
Actual Time    : 7.873 ns
From           : not_o$latch
To             : not_o
From Clock     : enable
To Clock       : --
Failed Paths   : 0

Type           : Worst-case th
Slack          : N/A
Required Time  : None
Actual Time    : -3.515 ns
From           : sel[2]
To             : o$latch
From Clock     : --
To Clock       : enable
Failed Paths   : 0

Type           : Total number of failed paths
Slack          : 
Required Time  : 
Actual Time    : 
From           : 
To             : 
From Clock     : 
To Clock       : 
Failed Paths   : 0

--------------------------------------------------------------------------------------

